Fatal error: cannot open file '__study_10.R': No such file or directory
